// Jest Snapshot v1, https://goo.gl/fbAQLP

exports[`should render an <Item /> 1`] = `
ReactWrapper {
  Symbol(enzyme.__unrendered__): <Item
    id="first"
    template="my template"
/>,
  Symbol(enzyme.__renderer__): Object {
    "batchedUpdates": [Function],
    "getNode": [Function],
    "render": [Function],
    "simulateError": [Function],
    "simulateEvent": [Function],
    "unmount": [Function],
  },
  Symbol(enzyme.__root__): [Circular],
  Symbol(enzyme.__node__): Object {
    "instance": null,
    "key": undefined,
    "nodeType": "function",
    "props": Object {
      "id": "first",
      "template": "my template",
    },
    "ref": null,
    "rendered": Object {
      "instance": <button
        title="first"
        class="item"
>
        my template
</button>,
      "key": undefined,
      "nodeType": "host",
      "props": Object {
        "children": "my template",
        "className": "item",
        "title": "first",
      },
      "ref": null,
      "rendered": Array [
        "my template",
      ],
      "type": "button",
    },
    "type": [Function],
  },
  Symbol(enzyme.__nodes__): Array [
    Object {
      "instance": null,
      "key": undefined,
      "nodeType": "function",
      "props": Object {
        "id": "first",
        "template": "my template",
      },
      "ref": null,
      "rendered": Object {
        "instance": <button
          title="first"
          class="item"
>
          my template
</button>,
        "key": undefined,
        "nodeType": "host",
        "props": Object {
          "children": "my template",
          "className": "item",
          "title": "first",
        },
        "ref": null,
        "rendered": Array [
          "my template",
        ],
        "type": "button",
      },
      "type": [Function],
    },
  ],
  Symbol(enzyme.__options__): Object {
    "adapter": ReactSixteenAdapter {
      "options": Object {
        "enableComponentDidUpdateOnSetState": true,
        "lifecycles": Object {
          "componentDidUpdate": Object {
            "onSetState": true,
          },
          "getDerivedStateFromProps": true,
          "getSnapshotBeforeUpdate": true,
          "setState": Object {
            "skipsComponentDidUpdateOnNullish": true,
          },
        },
      },
    },
    "attachTo": undefined,
    "hydrateIn": undefined,
  },
}
`;
